[apexa-html-demo.netlify.app/index.html]
[backblue.gif]
[fade.gif]
[index.html]
[apexa-html-demo.netlify.app/assets/img/favicon.png]
[apexa-html-demo.netlify.app/assets/css/bootstrap.min.css]
[apexa-html-demo.netlify.app/assets/css/animate.min.css]
[apexa-html-demo.netlify.app/assets/css/magnific-popup.css]
[apexa-html-demo.netlify.app/assets/css/fontawesome-all.min.css]
[apexa-html-demo.netlify.app/assets/css/flaticon.css]
[apexa-html-demo.netlify.app/assets/css/odometer.css]
[apexa-html-demo.netlify.app/assets/css/swiper-bundle.css]
[apexa-html-demo.netlify.app/assets/css/aos.css]
[apexa-html-demo.netlify.app/assets/css/default.css]
[apexa-html-demo.netlify.app/assets/css/main.css]
[apexa-html-demo.netlify.app/assets/img/logo/preloader.png]
[apexa-html-demo.netlify.app/assets/img/logo/logo.png]
[apexa-html-demo.netlify.app/index-2.html]
[apexa-html-demo.netlify.app/index-3.html]
[apexa-html-demo.netlify.app/index-4.html]
[apexa-html-demo.netlify.app/index-5.html]
[apexa-html-demo.netlify.app/index-6.html]
[apexa-html-demo.netlify.app/index-7.html]
[apexa-html-demo.netlify.app/index-8.html]
[apexa-html-demo.netlify.app/about.html]
[apexa-html-demo.netlify.app/about-2.html]
[apexa-html-demo.netlify.app/about-5.html]
[apexa-html-demo.netlify.app/about-3.html]
[apexa-html-demo.netlify.app/about-4.html]
[apexa-html-demo.netlify.app/services.html]
[apexa-html-demo.netlify.app/services-2.html]
[apexa-html-demo.netlify.app/services-3.html]
[apexa-html-demo.netlify.app/services-4.html]
[apexa-html-demo.netlify.app/services-5.html]
[apexa-html-demo.netlify.app/services-details.html]
[apexa-html-demo.netlify.app/services-details-2.html]
[apexa-html-demo.netlify.app/services-details-3.html]
[apexa-html-demo.netlify.app/services-details-4.html]
[apexa-html-demo.netlify.app/services-details-5.html]
[apexa-html-demo.netlify.app/team.html]
[apexa-html-demo.netlify.app/team-2.html]
[apexa-html-demo.netlify.app/team-3.html]
[apexa-html-demo.netlify.app/team-4.html]
[apexa-html-demo.netlify.app/team-details.html]
[apexa-html-demo.netlify.app/project-details.html]
[apexa-html-demo.netlify.app/error.html]
[apexa-html-demo.netlify.app/login.html]
[apexa-html-demo.netlify.app/register.html]
[apexa-html-demo.netlify.app/forgot-password.html]
[apexa-html-demo.netlify.app/blog.html]
[apexa-html-demo.netlify.app/blog-details.html]
[apexa-html-demo.netlify.app/contact.html]
[apexa-html-demo.netlify.app/assets/img/banner/banner_bg.jpg]
[apexa-html-demo.netlify.app/assets/img/banner/banner_shape01.png]
[apexa-html-demo.netlify.app/assets/img/banner/banner_shape02.png]
[apexa-html-demo.netlify.app/assets/img/brand/brand_img01.png]
[apexa-html-demo.netlify.app/assets/img/brand/brand_img02.png]
[apexa-html-demo.netlify.app/assets/img/brand/brand_img03.png]
[apexa-html-demo.netlify.app/assets/img/brand/brand_img04.png]
[apexa-html-demo.netlify.app/assets/img/brand/brand_img05.png]
[apexa-html-demo.netlify.app/assets/img/brand/brand_img06.png]
[apexa-html-demo.netlify.app/assets/img/images/about_img01.jpg]
[apexa-html-demo.netlify.app/assets/img/images/about_shape01.png]
[apexa-html-demo.netlify.app/assets/img/images/author_img.png]
[apexa-html-demo.netlify.app/assets/img/images/sign.png]
[apexa-html-demo.netlify.app/assets/img/images/about_shape03.png]
[apexa-html-demo.netlify.app/assets/img/images/about_shape04.png]
[apexa-html-demo.netlify.app/assets/img/images/about_shape02.png]
[apexa-html-demo.netlify.app/assets/img/bg/services_bg.jpg]
[apexa-html-demo.netlify.app/assets/img/services/services_img01.jpg]
[apexa-html-demo.netlify.app/assets/img/services/services_img02.jpg]
[apexa-html-demo.netlify.app/assets/img/services/services_img03.jpg]
[apexa-html-demo.netlify.app/assets/img/services/services_img04.jpg]
[apexa-html-demo.netlify.app/assets/img/images/choose_img01.jpg]
[apexa-html-demo.netlify.app/assets/img/images/choose_img02.jpg]
[apexa-html-demo.netlify.app/assets/img/images/choose_img_shape.png]
[apexa-html-demo.netlify.app/assets/img/images/choose_shape01.png]
[apexa-html-demo.netlify.app/assets/img/images/choose_shape02.png]
[apexa-html-demo.netlify.app/assets/img/images/counter_shape01.png]
[apexa-html-demo.netlify.app/assets/img/images/counter_shape02.png]
[apexa-html-demo.netlify.app/assets/img/images/counter_shape03.png]
[apexa-html-demo.netlify.app/assets/img/project/project_img01.jpg]
[apexa-html-demo.netlify.app/assets/img/project/project_img02.jpg]
[apexa-html-demo.netlify.app/assets/img/project/project_img03.jpg]
[apexa-html-demo.netlify.app/assets/img/project/project_img04.jpg]
[apexa-html-demo.netlify.app/assets/img/project/project_shape01.png]
[apexa-html-demo.netlify.app/assets/img/project/project_shape02.png]
[apexa-html-demo.netlify.app/assets/img/bg/request_bg.jpg]
[apexa-html-demo.netlify.app/assets/img/images/request_shape01.png]
[apexa-html-demo.netlify.app/assets/img/images/request_shape02.png]
[apexa-html-demo.netlify.app/assets/img/team/team_img01.jpg]
[apexa-html-demo.netlify.app/assets/img/team/team_img02.jpg]
[apexa-html-demo.netlify.app/assets/img/team/team_img03.jpg]
[apexa-html-demo.netlify.app/assets/img/team/team_img04.jpg]
[apexa-html-demo.netlify.app/assets/img/images/consulting_img.jpg]
[apexa-html-demo.netlify.app/assets/img/images/consulting_shape.png]
[apexa-html-demo.netlify.app/assets/img/images/testi_avatar01.png]
[apexa-html-demo.netlify.app/assets/img/images/testi_avatar02.png]
[apexa-html-demo.netlify.app/assets/img/images/testi_avatar03.png]
[apexa-html-demo.netlify.app/assets/img/images/testi_avatar04.png]
[apexa-html-demo.netlify.app/assets/img/images/testimonial_img.png]
[apexa-html-demo.netlify.app/assets/img/images/testimonial_shape01.png]
[apexa-html-demo.netlify.app/assets/img/images/testimonial_shape02.png]
[apexa-html-demo.netlify.app/assets/img/images/testimonial_shape03.png]
[apexa-html-demo.netlify.app/assets/img/images/testimonial_shape04.png]
[apexa-html-demo.netlify.app/assets/img/images/testimonial_shape05.png]
[apexa-html-demo.netlify.app/assets/img/images/testimonial_shape06.png]
[apexa-html-demo.netlify.app/assets/img/bg/blog_post_bg.jpg]
[apexa-html-demo.netlify.app/assets/img/blog/blog_post01.jpg]
[apexa-html-demo.netlify.app/assets/img/blog/blog_avatar01.png]
[apexa-html-demo.netlify.app/assets/img/blog/blog_post02.jpg]
[apexa-html-demo.netlify.app/assets/img/blog/blog_post03.jpg]
[apexa-html-demo.netlify.app/assets/img/images/blog_shape01.png]
[apexa-html-demo.netlify.app/assets/img/images/blog_shape02.png]
[apexa-html-demo.netlify.app/assets/img/images/call_back_shape.png]
[apexa-html-demo.netlify.app/assets/img/images/footer_insta01.jpg]
[apexa-html-demo.netlify.app/assets/img/images/footer_insta02.jpg]
[apexa-html-demo.netlify.app/assets/img/images/footer_insta03.jpg]
[apexa-html-demo.netlify.app/assets/img/images/footer_insta04.jpg]
[apexa-html-demo.netlify.app/assets/img/images/footer_insta05.jpg]
[apexa-html-demo.netlify.app/assets/img/images/footer_insta06.jpg]
[apexa-html-demo.netlify.app/assets/img/images/footer_shape01.png]
[apexa-html-demo.netlify.app/assets/img/images/footer_shape02.png]
[apexa-html-demo.netlify.app/assets/img/images/footer_shape03.png]
[apexa-html-demo.netlify.app/assets/js/vendor/jquery-3.6.0.min.js]
[apexa-html-demo.netlify.app/assets/js/bootstrap.bundle.min.js]
[apexa-html-demo.netlify.app/assets/js/jquery.magnific-popup.min.js]
[apexa-html-demo.netlify.app/assets/js/jquery.odometer.min.js]
[apexa-html-demo.netlify.app/assets/js/jquery.appear.js]
[apexa-html-demo.netlify.app/assets/js/gsap.js]
[apexa-html-demo.netlify.app/assets/js/ScrollTrigger.js]
[apexa-html-demo.netlify.app/assets/js/SplitText.js]
[apexa-html-demo.netlify.app/assets/js/gsap-animation.js]
[apexa-html-demo.netlify.app/assets/js/jquery.parallaxScroll.min.js]
[apexa-html-demo.netlify.app/assets/js/swiper-bundle.js]
[apexa-html-demo.netlify.app/assets/js/ajax-form.js]
[apexa-html-demo.netlify.app/assets/js/wow.min.js]
[apexa-html-demo.netlify.app/assets/js/aos.js]
[apexa-html-demo.netlify.app/index.html]
[apexa-html-demo.netlify.app/assets/css/bootstrap.min.css]
[apexa-html-demo.netlify.app/assets/css/animate.min.css]
[apexa-html-demo.netlify.app/assets/css/magnific-popup.css]
[apexa-html-demo.netlify.app/assets/js/main.js]
[apexa-html-demo.netlify.app/assets/fonts/fa-brands-400.eot]
[apexa-html-demo.netlify.app/assets/fonts/fa-brands-400d41d.eot]
[apexa-html-demo.netlify.app/assets/fonts/fa-brands-400.woff2]
[apexa-html-demo.netlify.app/assets/fonts/fa-brands-400.woff]
[apexa-html-demo.netlify.app/assets/fonts/fa-brands-400.ttf]
[apexa-html-demo.netlify.app/assets/fonts/fa-brands-400.svg]
[apexa-html-demo.netlify.app/assets/fonts/fa-regular-400.eot]
[apexa-html-demo.netlify.app/assets/fonts/fa-regular-400d41d.eot]
[apexa-html-demo.netlify.app/assets/fonts/fa-regular-400.woff2]
[apexa-html-demo.netlify.app/assets/fonts/fa-regular-400.woff]
[apexa-html-demo.netlify.app/assets/fonts/fa-regular-400.ttf]
[apexa-html-demo.netlify.app/assets/fonts/fa-regular-400.svg]
[apexa-html-demo.netlify.app/assets/fonts/fa-solid-900.eot]
[apexa-html-demo.netlify.app/assets/fonts/fa-solid-900.woff2]
[apexa-html-demo.netlify.app/assets/fonts/fa-solid-900d41d.eot]
[apexa-html-demo.netlify.app/assets/fonts/fa-solid-900.woff]
[apexa-html-demo.netlify.app/assets/fonts/fa-solid-900.ttf]
[apexa-html-demo.netlify.app/assets/css/fontawesome-all.min.css]
[apexa-html-demo.netlify.app/assets/fonts/fa-solid-900.svg]
[apexa-html-demo.netlify.app/assets/fonts/flaticon.eot]
[apexa-html-demo.netlify.app/assets/fonts/flaticond41d.eot]
[apexa-html-demo.netlify.app/assets/fonts/flaticon.woff2]
[apexa-html-demo.netlify.app/assets/fonts/flaticon.woff]
[apexa-html-demo.netlify.app/assets/fonts/flaticon.ttf]
[apexa-html-demo.netlify.app/assets/css/flaticon.css]
[apexa-html-demo.netlify.app/assets/css/odometer.css]
[apexa-html-demo.netlify.app/assets/css/swiper-bundle.css]
[apexa-html-demo.netlify.app/assets/css/aos.css]
[apexa-html-demo.netlify.app/assets/css/default.css]
[apexa-html-demo.netlify.app/assets/fonts/flaticon.svg]
[apexa-html-demo.netlify.app/assets/img/images/mask_img.png]
[apexa-html-demo.netlify.app/assets/img/login/bg-login.png]
[apexa-html-demo.netlify.app/assets/img/register/bg-register.png]
[apexa-html-demo.netlify.app/assets/img/forgot/bg-forgot.png]
[apexa-html-demo.netlify.app/assets/img/home6/bg-offer.png]
[apexa-html-demo.netlify.app/assets/img/home6/bg-card-team.png]
[apexa-html-demo.netlify.app/assets/img/home6/bg-marketing.png]
[apexa-html-demo.netlify.app/assets/img/home6/trans.png]
[apexa-html-demo.netlify.app/assets/img/home6/bg-faq.svg]
[apexa-html-demo.netlify.app/assets/img/home7/bg-service.png]
[apexa-html-demo.netlify.app/assets/img/home7/bg-journey.png]
[apexa-html-demo.netlify.app/assets/img/home8/wave.png]
[apexa-html-demo.netlify.app/assets/css/main.css]
[apexa-html-demo.netlify.app/assets/img/slider/slider_bg01.jpg]
[apexa-html-demo.netlify.app/assets/img/slider/slider_shape01.png]
[apexa-html-demo.netlify.app/assets/img/slider/slider_shape02.png]
[apexa-html-demo.netlify.app/assets/img/slider/slider_bg02.jpg]
[apexa-html-demo.netlify.app/assets/img/bg/about_bg.jpg]
[apexa-html-demo.netlify.app/assets/img/images/h2_about_img.jpg]
[apexa-html-demo.netlify.app/assets/img/images/h2_about_img_shape.png]
[apexa-html-demo.netlify.app/assets/img/images/about_list_img.jpg]
[apexa-html-demo.netlify.app/assets/img/images/h2_about_shape01.png]
[apexa-html-demo.netlify.app/assets/img/images/h2_about_shape02.png]
[apexa-html-demo.netlify.app/assets/img/images/h2_about_shape03.png]
[apexa-html-demo.netlify.app/assets/img/images/h2_services_shape01.png]
[apexa-html-demo.netlify.app/assets/img/images/h2_services_shape02.png]
[apexa-html-demo.netlify.app/assets/img/bg/choose_bg.jpg]
[apexa-html-demo.netlify.app/assets/img/images/h2_choose_shape01.png]
[apexa-html-demo.netlify.app/assets/img/images/h2_choose_shape02.png]
[apexa-html-demo.netlify.app/assets/img/images/h2_counter_shape.png]
[apexa-html-demo.netlify.app/assets/img/bg/h2_request_bg.jpg]
[apexa-html-demo.netlify.app/assets/img/project/h2_project_img01.jpg]
[apexa-html-demo.netlify.app/assets/img/project/h2_project_img02.jpg]
[apexa-html-demo.netlify.app/assets/img/project/h2_project_img03.jpg]
[apexa-html-demo.netlify.app/assets/img/project/h2_project_img04.jpg]
[apexa-html-demo.netlify.app/assets/img/project/h2_project_img05.jpg]
[apexa-html-demo.netlify.app/assets/img/project/h2_project_shape.png]
[apexa-html-demo.netlify.app/assets/img/team/team_shape01.png]
[apexa-html-demo.netlify.app/assets/img/team/team_shape02.png]
[apexa-html-demo.netlify.app/assets/img/images/h2_testimonial_shape.png]
[apexa-html-demo.netlify.app/assets/img/blog/h2_blog_post01.jpg]
[apexa-html-demo.netlify.app/assets/img/blog/h2_blog_post02.jpg]
[apexa-html-demo.netlify.app/assets/img/blog/h2_blog_post03.jpg]
[apexa-html-demo.netlify.app/assets/img/logo/w_logo.png]
[apexa-html-demo.netlify.app/index-2.html]
[apexa-html-demo.netlify.app/assets/img/banner/h3_banner_bg.jpg]
[apexa-html-demo.netlify.app/assets/img/banner/h3_banner_shape01.png]
[apexa-html-demo.netlify.app/assets/img/bg/h3_about_bg.jpg]
[apexa-html-demo.netlify.app/assets/img/images/h3_about_img01.jpg]
[apexa-html-demo.netlify.app/assets/img/images/h3_about_img02.jpg]
[apexa-html-demo.netlify.app/assets/img/images/h3_about_img_shape.png]
[apexa-html-demo.netlify.app/assets/img/images/h3_about_shape01.png]
[apexa-html-demo.netlify.app/assets/img/bg/h3_services_bg.jpg]
[apexa-html-demo.netlify.app/assets/img/images/h3_choose_img01.jpg]
[apexa-html-demo.netlify.app/assets/img/images/h3_choose_img02.jpg]
[apexa-html-demo.netlify.app/assets/img/images/h3_choose_img_shape.jpg]
[apexa-html-demo.netlify.app/assets/img/images/h3_choose_shape01.jpg]
[apexa-html-demo.netlify.app/assets/img/images/h3_choose_shape02.jpg]
[apexa-html-demo.netlify.app/assets/img/bg/h3_project_bg.jpg]
[apexa-html-demo.netlify.app/assets/img/project/h3_project_img01.jpg]
[apexa-html-demo.netlify.app/assets/img/project/h3_project_shape01.png]
[apexa-html-demo.netlify.app/assets/img/project/h3_project_shape02.png]
[apexa-html-demo.netlify.app/assets/img/team/h3_team_img01.jpg]
[apexa-html-demo.netlify.app/assets/img/team/h3_team_img02.jpg]
[apexa-html-demo.netlify.app/assets/img/team/h3_team_img03.jpg]
[apexa-html-demo.netlify.app/assets/img/team/h3_team_img04.jpg]
[apexa-html-demo.netlify.app/assets/img/bg/h3_testimonial_bg.jpg]
[apexa-html-demo.netlify.app/assets/img/images/h3_testimonial_img.png]
[apexa-html-demo.netlify.app/assets/img/images/h3_testimonial_shape01.png]
[apexa-html-demo.netlify.app/assets/img/images/h3_testimonial_shape02.png]
[apexa-html-demo.netlify.app/assets/img/images/h3_testimonial_shape03.png]
[apexa-html-demo.netlify.app/assets/img/images/h3_blog_shape01.png]
[apexa-html-demo.netlify.app/assets/img/images/h3_blog_shape02.png]
[apexa-html-demo.netlify.app/index-3.html]
[apexa-html-demo.netlify.app/assets/img/banner/h4_banner_bg.jpg]
[apexa-html-demo.netlify.app/assets/img/banner/h4_banner_img.png]
[apexa-html-demo.netlify.app/assets/img/services/h3_services_img01.jpg]
[apexa-html-demo.netlify.app/assets/img/services/h3_services_img02.jpg]
[apexa-html-demo.netlify.app/assets/img/images/h4_about_img01.jpg]
[apexa-html-demo.netlify.app/assets/img/images/h4_about_img02.jpg]
[apexa-html-demo.netlify.app/assets/img/images/h4_about_img_shape.png]
[apexa-html-demo.netlify.app/assets/img/images/h4_about_shape01.png]
[apexa-html-demo.netlify.app/assets/img/images/h4_about_shape02.png]
[apexa-html-demo.netlify.app/assets/img/bg/h4_request_bg.jpg]
[apexa-html-demo.netlify.app/assets/img/images/h4_request_shape01.png]
[apexa-html-demo.netlify.app/assets/img/images/h4_request_shape02.png]
[apexa-html-demo.netlify.app/assets/img/team/h4_team_img01.jpg]
[apexa-html-demo.netlify.app/assets/img/team/h4_team_img02.jpg]
[apexa-html-demo.netlify.app/assets/img/team/h4_team_img03.jpg]
[apexa-html-demo.netlify.app/assets/img/team/h4_team_img04.jpg]
[apexa-html-demo.netlify.app/assets/img/images/h4_testimonial_shape.png]
[apexa-html-demo.netlify.app/assets/img/bg/pricing_bg.jpg]
[apexa-html-demo.netlify.app/assets/img/images/pricing_shape01.png]
[apexa-html-demo.netlify.app/assets/img/images/pricing_shape02.png]
[apexa-html-demo.netlify.app/assets/img/images/h4_footer_shape.png]
[apexa-html-demo.netlify.app/index-4.html]
[apexa-html-demo.netlify.app/assets/img/banner/h5_banner_bg.jpg]
[apexa-html-demo.netlify.app/assets/img/banner/h5_banner_shape01.png]
[apexa-html-demo.netlify.app/assets/img/banner/h5_banner_img01.png]
[apexa-html-demo.netlify.app/assets/img/banner/h5_banner_img02.png]
[apexa-html-demo.netlify.app/assets/img/banner/h5_banner_shape02.png]
[apexa-html-demo.netlify.app/assets/img/banner/h5_banner_shape03.png]
[apexa-html-demo.netlify.app/assets/img/banner/h5_banner_shape04.png]
[apexa-html-demo.netlify.app/assets/img/banner/h5_banner_shape05.png]
[apexa-html-demo.netlify.app/assets/img/bg/h5_services_bg.jpg]
[apexa-html-demo.netlify.app/assets/img/images/inner04_about_img.jpg]
[apexa-html-demo.netlify.app/assets/img/images/h5_about_shape.png]
[apexa-html-demo.netlify.app/assets/img/images/about_list_img04.png]
[apexa-html-demo.netlify.app/assets/img/images/h5_choose_img01.jpg]
[apexa-html-demo.netlify.app/assets/img/images/h5_choose_img02.jpg]
[apexa-html-demo.netlify.app/assets/img/images/h5_choose_shape01.jpg]
[apexa-html-demo.netlify.app/assets/img/images/h5_choose_shape01.png]
[apexa-html-demo.netlify.app/assets/img/images/h5_choose_shape02.png]
[apexa-html-demo.netlify.app/assets/img/project/h5_project_img01.jpg]
[apexa-html-demo.netlify.app/assets/img/project/h5_project_img02.jpg]
[apexa-html-demo.netlify.app/assets/img/project/h5_project_img03.jpg]
[apexa-html-demo.netlify.app/assets/img/project/h5_project_img04.jpg]
[apexa-html-demo.netlify.app/assets/img/images/inner_testimonial_img.png]
[apexa-html-demo.netlify.app/assets/img/images/inner_testimonial_shape.png]
[apexa-html-demo.netlify.app/assets/img/blog/h5_blog_post01.jpg]
[apexa-html-demo.netlify.app/assets/img/blog/h5_blog_post02.jpg]
[apexa-html-demo.netlify.app/assets/img/blog/h5_blog_post03.jpg]
[apexa-html-demo.netlify.app/assets/img/images/h5_blog_shape01.png]
[apexa-html-demo.netlify.app/assets/img/images/h5_blog_shape02.png]
[apexa-html-demo.netlify.app/index-5.html]
[apexa-html-demo.netlify.app/assets/img/home6/banner.png]
[apexa-html-demo.netlify.app/assets/img/home6/banner2.png]
[apexa-html-demo.netlify.app/assets/img/home6/banner3.png]
[apexa-html-demo.netlify.app/assets/img/home6/snow-icon.svg]
[apexa-html-demo.netlify.app/assets/img/home6/project.png]
[apexa-html-demo.netlify.app/assets/img/home6/card.png]
[apexa-html-demo.netlify.app/assets/img/home6/icon.svg]
[apexa-html-demo.netlify.app/assets/img/home6/hassle.png]
[apexa-html-demo.netlify.app/assets/img/home6/dot.svg]
[apexa-html-demo.netlify.app/assets/img/home6/team.png]
[apexa-html-demo.netlify.app/assets/img/home6/share.svg]
[apexa-html-demo.netlify.app/assets/img/home6/team2.png]
[apexa-html-demo.netlify.app/assets/img/home6/team3.png]
[apexa-html-demo.netlify.app/assets/img/home6/team4.png]
[apexa-html-demo.netlify.app/assets/img/home6/img-faq.png]
[apexa-html-demo.netlify.app/assets/img/home6/img-marketing.png]
[apexa-html-demo.netlify.app/assets/img/home6/img-video.png]
[apexa-html-demo.netlify.app/index-6.html]
[apexa-html-demo.netlify.app/assets/img/home7/author.png]
[apexa-html-demo.netlify.app/assets/img/home7/author2.png]
[apexa-html-demo.netlify.app/assets/img/home7/author3.png]
[apexa-html-demo.netlify.app/assets/img/home7/author4.png]
[apexa-html-demo.netlify.app/assets/img/home7/banner.png]
[apexa-html-demo.netlify.app/assets/img/home7/img-1.png]
[apexa-html-demo.netlify.app/assets/img/home7/icon-line.svg]
[apexa-html-demo.netlify.app/assets/img/home7/img-about.png]
[apexa-html-demo.netlify.app/assets/img/home7/visa.svg]
[apexa-html-demo.netlify.app/assets/img/home7/mastercard.svg]
[apexa-html-demo.netlify.app/assets/img/home7/stripe.svg]
[apexa-html-demo.netlify.app/assets/img/home7/paypal.svg]
[apexa-html-demo.netlify.app/assets/img/home7/payoneer.svg]
[apexa-html-demo.netlify.app/assets/img/home7/skrill.svg]
[apexa-html-demo.netlify.app/assets/img/home7/googlepay.svg]
[apexa-html-demo.netlify.app/assets/img/home7/applepay.svg]
[apexa-html-demo.netlify.app/index-7.html]
[apexa-html-demo.netlify.app/assets/img/home7/discover.svg]
[apexa-html-demo.netlify.app/assets/img/home8/banner.png]
[apexa-html-demo.netlify.app/assets/img/home8/img-cloud.png]
[apexa-html-demo.netlify.app/assets/img/home8/dot-square.png]
[apexa-html-demo.netlify.app/assets/img/images/about_list_img02.png]
[apexa-html-demo.netlify.app/assets/img/home8/img-about.png]
[apexa-html-demo.netlify.app/assets/img/home8/img-about2.png]
[apexa-html-demo.netlify.app/assets/img/home8/shape-circle.png]
[apexa-html-demo.netlify.app/assets/img/home8/triangle.png]
[apexa-html-demo.netlify.app/assets/img/home8/circle.png]
[apexa-html-demo.netlify.app/assets/img/home8/img-transform.png]
[apexa-html-demo.netlify.app/assets/img/home8/dot-square2.png]
[apexa-html-demo.netlify.app/assets/img/home8/service-icon.png]
[apexa-html-demo.netlify.app/assets/img/home8/img-innovate.png]
[apexa-html-demo.netlify.app/assets/img/home8/author.png]
[apexa-html-demo.netlify.app/assets/img/home8/star.svg]
[apexa-html-demo.netlify.app/assets/img/home8/star-grey.svg]
[apexa-html-demo.netlify.app/assets/img/home8/author2.png]
[apexa-html-demo.netlify.app/index-8.html]
[apexa-html-demo.netlify.app/assets/img/bg/breadcrumb_bg.jpg]
[apexa-html-demo.netlify.app/assets/img/images/breadcrumb_shape01.png]
[apexa-html-demo.netlify.app/assets/img/images/breadcrumb_shape02.png]
[apexa-html-demo.netlify.app/assets/img/images/breadcrumb_shape03.png]
[apexa-html-demo.netlify.app/assets/img/images/breadcrumb_shape04.png]
[apexa-html-demo.netlify.app/assets/img/images/breadcrumb_shape05.png]
[apexa-html-demo.netlify.app/assets/img/images/inner_about01.jpg]
[apexa-html-demo.netlify.app/assets/img/images/inner_about02.jpg]
[apexa-html-demo.netlify.app/assets/img/images/inner_about_shape.jpg]
[apexa-html-demo.netlify.app/assets/img/images/inner_choose_shape01.png]
[apexa-html-demo.netlify.app/assets/img/images/inner_choose_shape02.png]
[apexa-html-demo.netlify.app/about.html]
[apexa-html-demo.netlify.app/assets/img/images/inner02_about_img.jpg]
[apexa-html-demo.netlify.app/about-2.html]
[apexa-html-demo.netlify.app/about-5.html]
[apexa-html-demo.netlify.app/assets/img/images/about_list_img03.png]
[apexa-html-demo.netlify.app/about-3.html]
[apexa-html-demo.netlify.app/assets/img/bg/inner_services_bg.jpg]
[apexa-html-demo.netlify.app/assets/img/services/inner_services_shape01.png]
[apexa-html-demo.netlify.app/assets/img/services/inner_services_shape02.png]
[apexa-html-demo.netlify.app/about-4.html]
[apexa-html-demo.netlify.app/assets/img/bg/inner_services_bg02.jpg]
[apexa-html-demo.netlify.app/service-details.16d.delayed]
[apexa-html-demo.netlify.app/assets/img/services/services_img05.jpg]
[apexa-html-demo.netlify.app/assets/img/services/services_img06.jpg]
[apexa-html-demo.netlify.app/assets/img/services/services_img07.jpg]
[apexa-html-demo.netlify.app/assets/img/services/services_img08.jpg]
[apexa-html-demo.netlify.app/services.html]
[apexa-html-demo.netlify.app/services-2.html]
[apexa-html-demo.netlify.app/services-3.html]
[apexa-html-demo.netlify.app/services-4.html]
[apexa-html-demo.netlify.app/services-5.html]
[apexa-html-demo.netlify.app/assets/img/services/services_details01.jpg]
[apexa-html-demo.netlify.app/assets/img/services/services_details_inner01.jpg]
[apexa-html-demo.netlify.app/assets/img/blog/sb_post01.jpg]
[apexa-html-demo.netlify.app/assets/img/blog/sb_post02.jpg]
[apexa-html-demo.netlify.app/assets/img/blog/sb_post03.jpg]
[apexa-html-demo.netlify.app/assets/img/blog/sb_post04.jpg]
[apexa-html-demo.netlify.app/services-details.html]
[apexa-html-demo.netlify.app/assets/img/services/services_details02.jpg]
[apexa-html-demo.netlify.app/assets/img/services/services_details_inner02.jpg]
[apexa-html-demo.netlify.app/assets/img/services/sidebar_contact_bg.jpg]
[apexa-html-demo.netlify.app/services-details-2.html]
[apexa-html-demo.netlify.app/assets/img/services/services_details03.jpg]
[apexa-html-demo.netlify.app/assets/img/services/services_details_inner03.jpg]
[apexa-html-demo.netlify.app/services-details-3.html]
[apexa-html-demo.netlify.app/assets/img/services/services_details04.jpg]
[apexa-html-demo.netlify.app/assets/img/services/services_details_inner04.jpg]
[apexa-html-demo.netlify.app/services-details-4.html]
[apexa-html-demo.netlify.app/assets/img/services/services_details05.jpg]
[apexa-html-demo.netlify.app/assets/img/services/services_details_graph01.jpg]
[apexa-html-demo.netlify.app/assets/img/services/services_details_inner05.jpg]
[apexa-html-demo.netlify.app/assets/img/services/services_details_inner06.jpg]
[apexa-html-demo.netlify.app/services-details-5.html]
[apexa-html-demo.netlify.app/assets/img/team/team_img05.jpg]
[apexa-html-demo.netlify.app/assets/img/team/team_img06.jpg]
[apexa-html-demo.netlify.app/assets/img/team/team_img07.jpg]
[apexa-html-demo.netlify.app/assets/img/team/team_img08.jpg]
[apexa-html-demo.netlify.app/team.html]
[apexa-html-demo.netlify.app/team-2.html]
[apexa-html-demo.netlify.app/assets/img/team/h3_team_img05.jpg]
[apexa-html-demo.netlify.app/assets/img/team/h3_team_img06.jpg]
[apexa-html-demo.netlify.app/assets/img/team/h3_team_img07.jpg]
[apexa-html-demo.netlify.app/assets/img/team/h3_team_img08.jpg]
[apexa-html-demo.netlify.app/team-3.html]
[apexa-html-demo.netlify.app/assets/img/team/h4_team_img05.jpg]
[apexa-html-demo.netlify.app/assets/img/team/h4_team_img06.jpg]
[apexa-html-demo.netlify.app/assets/img/team/h4_team_img07.jpg]
[apexa-html-demo.netlify.app/assets/img/team/h4_team_img08.jpg]
[apexa-html-demo.netlify.app/team-4.html]
[apexa-html-demo.netlify.app/assets/img/team/team_details_img.jpg]
[apexa-html-demo.netlify.app/team-details.html]
[apexa-html-demo.netlify.app/assets/img/project/project_details01.jpg]
[apexa-html-demo.netlify.app/assets/img/project/project_details02.jpg]
[apexa-html-demo.netlify.app/assets/img/project/graph.jpg]
[apexa-html-demo.netlify.app/project-details.html]
[apexa-html-demo.netlify.app/error.html]
[apexa-html-demo.netlify.app/assets/img/login/google.svg]
[apexa-html-demo.netlify.app/assets/img/login/apple.png]
[apexa-html-demo.netlify.app/login.html]
[apexa-html-demo.netlify.app/register.html]
[apexa-html-demo.netlify.app/forgot-password.html]
[apexa-html-demo.netlify.app/assets/img/blog/h2_blog_post04.jpg]
[apexa-html-demo.netlify.app/assets/img/blog/h2_blog_post05.jpg]
[apexa-html-demo.netlify.app/assets/img/blog/h2_blog_post06.jpg]
[apexa-html-demo.netlify.app/blog.html]
[apexa-html-demo.netlify.app/assets/img/blog/blog_details01.jpg]
[apexa-html-demo.netlify.app/assets/img/blog/blog_details02.jpg]
[apexa-html-demo.netlify.app/assets/img/blog/comment01.png]
[apexa-html-demo.netlify.app/assets/img/blog/comment02.png]
[apexa-html-demo.netlify.app/blog-details.html]
[apexa-html-demo.netlify.app/contact.html]
[apexa-html-demo.netlify.app/assets/fonts/fa-brands-400.svg]
[apexa-html-demo.netlify.app/assets/fonts/fa-regular-400.svg]
[apexa-html-demo.netlify.app/assets/fonts/fa-solid-900.svg]
[apexa-html-demo.netlify.app/assets/fonts/flaticon.svg]
[apexa-html-demo.netlify.app/assets/img/login/account.svg]
[apexa-html-demo.netlify.app/assets/img/register/email.svg]
[apexa-html-demo.netlify.app/assets/img/login/view.svg]
[apexa-html-demo.netlify.app/assets/img/forgot/info.svg]
[apexa-html-demo.netlify.app/assets/img/home6/plus.svg]
[apexa-html-demo.netlify.app/assets/img/home6/bg-faq.svg]
[apexa-html-demo.netlify.app/assets/img/home6/circle-faq.svg]
[apexa-html-demo.netlify.app/assets/img/home7/bg-step.svg]
[apexa-html-demo.netlify.app/assets/img/home8/quote.svg]
[apexa-html-demo.netlify.app/assets/img/icon/quote.svg]
[apexa-html-demo.netlify.app/assets/img/icon/quote02.svg]
[apexa-html-demo.netlify.app/assets/img/icon/check_icon.svg]
[apexa-html-demo.netlify.app/assets/img/home6/snow-icon.svg]
[apexa-html-demo.netlify.app/assets/img/home6/icon.svg]
[apexa-html-demo.netlify.app/assets/img/home6/dot.svg]
[apexa-html-demo.netlify.app/assets/img/home6/share.svg]
[apexa-html-demo.netlify.app/assets/img/home6/icon-square.svg]
[apexa-html-demo.netlify.app/assets/img/home6/play.svg]
[apexa-html-demo.netlify.app/assets/img/home6/play-sm.svg]
[apexa-html-demo.netlify.app/assets/img/home7/icon-line.svg]
[apexa-html-demo.netlify.app/assets/img/home7/icon-snow.svg]
[apexa-html-demo.netlify.app/assets/img/home7/icon-star.svg]
[apexa-html-demo.netlify.app/assets/img/home7/quote.svg]
[apexa-html-demo.netlify.app/assets/img/home7/visa.svg]
[apexa-html-demo.netlify.app/assets/img/home7/mastercard.svg]
[apexa-html-demo.netlify.app/assets/img/home7/stripe.svg]
[apexa-html-demo.netlify.app/assets/img/home7/paypal.svg]
[apexa-html-demo.netlify.app/assets/img/home7/payoneer.svg]
[apexa-html-demo.netlify.app/assets/img/home7/skrill.svg]
[apexa-html-demo.netlify.app/assets/img/home7/googlepay.svg]
[apexa-html-demo.netlify.app/assets/img/home7/applepay.svg]
[apexa-html-demo.netlify.app/assets/img/home7/discover.svg]
[apexa-html-demo.netlify.app/assets/img/home8/play.svg]
[apexa-html-demo.netlify.app/assets/img/home8/star.svg]
[apexa-html-demo.netlify.app/assets/img/home8/star-grey.svg]
[apexa-html-demo.netlify.app/service-details.html]
[apexa-html-demo.netlify.app/assets/img/login/google.svg]
